// Jest Snapshot v1, https://goo.gl/fbAQLP

exports[`GamePage renders all added players with score button 1`] = `
<div
  class="GamePage__WrapperGamePage-qqemlq-0 dbpAyY"
>
  <h1>
    Score!
  </h1>
  <section
    class="CountScore"
  >
    <div
      class="Player__SinglePlayer-sc-18wz419-0 ijlHBo"
    >
      <div
        class="Player__SinglePlayerName-sc-18wz419-1 bTAKsq"
      >
        Sue
      </div>
      <button
        class="Button-sc-19qr0ud-0 Player__ScoreButton-sc-18wz419-2 gWKtP iCiGMd"
      >
        10
      </button>
    </div>
  </section>
  <section
    class="CountScore"
  >
    <div
      class="Player__SinglePlayer-sc-18wz419-0 ijlHBo"
    >
      <div
        class="Player__SinglePlayerName-sc-18wz419-1 bTAKsq"
      >
        Joe
      </div>
      <button
        class="Button-sc-19qr0ud-0 Player__ScoreButton-sc-18wz419-2 gWKtP iCiGMd"
      >
        14
      </button>
    </div>
  </section>
  <a
    class="Button-sc-19qr0ud-0 gWKtP"
    href="/"
  >
    End game
  </a>
  <button
    class="Button-sc-19qr0ud-0 gWKtP"
  >
    Show winner!
  </button>
</div>
`;
