// Jest Snapshot v1, https://goo.gl/fbAQLP

exports[`ShowWinner renders the player with the lowest score, also if there are more than one 1`] = `
<div
  class="ShowWinner__WrapperWinner-sc-1ryfj85-0 jRasyf"
>
  <h1 />
  <div
    class="ShowWinner__Winner-sc-1ryfj85-1 cTwPon"
  >
    <h3
      class="ShowWinner__WinnerName-sc-1ryfj85-2 gqLonJ"
    >
      Sue
    </h3>
    <h3
      class="ShowWinner__WinnerScore-sc-1ryfj85-3 knBFNn"
    >
      3
    </h3>
  </div>
  <div
    class="ShowWinner__Winner-sc-1ryfj85-1 cTwPon"
  >
    <h3
      class="ShowWinner__WinnerName-sc-1ryfj85-2 gqLonJ"
    >
      Joe
    </h3>
    <h3
      class="ShowWinner__WinnerScore-sc-1ryfj85-3 knBFNn"
    >
      3
    </h3>
  </div>
</div>
`;
